Product: MDK-ARM Professional 5.10
Component: ARM Compiler 5.04 update 1 (build 49)
Tool: armlink [5040049]

==============================================================================

Section Cross References

    startup_stm32f10x_hd.o(STACK) refers (Special) to heapauxi.o(.text) for __use_two_region_memory
    startup_stm32f10x_hd.o(HEAP) refers (Special) to heapauxi.o(.text) for __use_two_region_memory
    startup_stm32f10x_hd.o(RESET) refers (Special) to heapauxi.o(.text) for __use_two_region_memory
    startup_stm32f10x_hd.o(RESET) refers to startup_stm32f10x_hd.o(STACK) for __initial_sp
    startup_stm32f10x_hd.o(RESET) refers to startup_stm32f10x_hd.o(.text) for Reset_Handler
    startup_stm32f10x_hd.o(RESET) refers to usart.o(.text) for USART2_IRQHandler
    startup_stm32f10x_hd.o(RESET) refers to usartx.o(.text) for USART3_IRQHandler
    startup_stm32f10x_hd.o(RESET) refers to control.o(.text) for EXTI15_10_IRQHandler
    startup_stm32f10x_hd.o(.text) refers (Special) to heapauxi.o(.text) for __use_two_region_memory
    startup_stm32f10x_hd.o(.text) refers to __main.o(!!!main) for __main
    startup_stm32f10x_hd.o(.text) refers to startup_stm32f10x_hd.o(HEAP) for Heap_Mem
    startup_stm32f10x_hd.o(.text) refers to startup_stm32f10x_hd.o(STACK) for Stack_Mem
    minibalance.o(.text) refers to sys.o(.text) for Stm32_Clock_Init
    minibalance.o(.text) refers to delay.o(.text) for delay_init
    minibalance.o(.text) refers to led.o(.text) for LED_Init
    minibalance.o(.text) refers to key.o(.text) for KEY_Init
    minibalance.o(.text) refers to oled.o(.text) for OLED_Init
    minibalance.o(.text) refers to usart.o(.text) for uart_init
    minibalance.o(.text) refers to usartx.o(.text) for uart3_init
    minibalance.o(.text) refers to adc.o(.text) for Adc_Init
    minibalance.o(.text) refers to ioi2c.o(.text) for IIC_Init
    minibalance.o(.text) refers to mpu6050.o(.text) for MPU6050_initialize
    minibalance.o(.text) refers to exti.o(.text) for EXTI_Init
    minibalance.o(.text) refers to motor.o(.text) for MiniBalance_PWM_Init
    minibalance.o(.text) refers to show.o(.text) for DataScope
    minibalance.o(.text) refers to minibalance.o(.data) for Flag_Show
    delay.o(.text) refers to delay.o(.data) for fac_us
    sys.o(.text) refers to sys.o(.emb_text) for WFI_SET
    usart.o(.text) refers (Special) to use_no_semi_2.o(.text) for __use_no_semihosting
    usart.o(.text) refers to fflt_clz.o(x$fpl$ffltu) for __aeabi_ui2f
    usart.o(.text) refers to fdiv.o(x$fpl$fdiv) for __aeabi_fdiv
    usart.o(.text) refers to ffixu.o(x$fpl$ffixu) for __aeabi_f2uiz
    usart.o(.text) refers to faddsub_clz.o(x$fpl$frsb) for __aeabi_frsub
    usart.o(.text) refers to fmul.o(x$fpl$fmul) for __aeabi_fmul
    usart.o(.text) refers to sys.o(.text) for MY_NVIC_Init
    usart.o(.text) refers to usart.o(.data) for Usart_Receive
    usart.o(.text) refers to minibalance.o(.data) for Flag_Qian
    usart.o(.text) refers to usart.o(.bss) for Receive
    usart.o(.text) refers to dflt_clz.o(x$fpl$dflt) for __aeabi_i2d
    usart.o(.text) refers to pow.o(i.pow) for pow
    usart.o(.text) refers to dmul.o(x$fpl$dmul) for __aeabi_dmul
    usart.o(.text) refers to f2d.o(x$fpl$f2d) for __aeabi_f2d
    usart.o(.text) refers to daddsub_clz.o(x$fpl$dadd) for __aeabi_dadd
    usart.o(.text) refers to d2f.o(x$fpl$d2f) for __aeabi_d2f
    usart.o(.text) refers to rt_memclr.o(.text) for __aeabi_memclr
    usart.o(.bss) refers (Special) to use_no_semi_2.o(.text) for __use_no_semihosting
    usart.o(.data) refers (Special) to use_no_semi_2.o(.text) for __use_no_semihosting
    led.o(.text) refers to led.o(.data) for temp
    key.o(.text) refers to key.o(.data) for Forever_count
    oled.o(.text) refers to delay.o(.text) for delay_ms
    oled.o(.text) refers to oled.o(.bss) for OLED_GRAM
    oled.o(.text) refers to oled.o(.constdata) for oled_asc2_1206
    adc.o(.text) refers to dflt_clz.o(x$fpl$dfltu) for __aeabi_ui2d
    adc.o(.text) refers to dmul.o(x$fpl$dmul) for __aeabi_dmul
    adc.o(.text) refers to ddiv.o(x$fpl$ddiv) for __aeabi_ddiv
    adc.o(.text) refers to dfix.o(x$fpl$dfix) for __aeabi_d2iz
    ioi2c.o(.text) refers to delay.o(.text) for delay_us
    exti.o(.text) refers to sys.o(.text) for Ex_NVIC_Config
    usartx.o(.text) refers to fflt_clz.o(x$fpl$ffltu) for __aeabi_ui2f
    usartx.o(.text) refers to fdiv.o(x$fpl$fdiv) for __aeabi_fdiv
    usartx.o(.text) refers to ffixu.o(x$fpl$ffixu) for __aeabi_f2uiz
    usartx.o(.text) refers to faddsub_clz.o(x$fpl$frsb) for __aeabi_frsub
    usartx.o(.text) refers to fmul.o(x$fpl$fmul) for __aeabi_fmul
    usartx.o(.text) refers to sys.o(.text) for MY_NVIC_Init
    control.o(.text) refers to fmul.o(x$fpl$fmul) for __aeabi_fmul
    control.o(.text) refers to faddsub_clz.o(x$fpl$fadd) for __aeabi_fadd
    control.o(.text) refers to ffix.o(x$fpl$ffix) for __aeabi_f2iz
    control.o(.text) refers to f2d.o(x$fpl$f2d) for __aeabi_f2d
[...]
    .ARM.Collect$$rtentry$$00000000          0x080001f6   Section        0  rtentry.o(.ARM.Collect$$rtentry$$00000000)
    .ARM.Collect$$rtentry$$00000002          0x080001f6   Section        0  rtentry2.o(.ARM.Collect$$rtentry$$00000002)
    .ARM.Collect$$rtentry$$00000004          0x080001f6   Section        6  rtentry4.o(.ARM.Collect$$rtentry$$00000004)
    .ARM.Collect$$rtentry$$00000009          0x080001fc   Section        0  rtentry2.o(.ARM.Collect$$rtentry$$00000009)
    .ARM.Collect$$rtentry$$0000000A          0x080001fc   Section        4  rtentry2.o(.ARM.Collect$$rtentry$$0000000A)
    .ARM.Collect$$rtentry$$0000000C          0x08000200   Section        0  rtentry2.o(.ARM.Collect$$rtentry$$0000000C)
    .ARM.Collect$$rtentry$$0000000D          0x08000200   Section        8  rtentry2.o(.ARM.Collect$$rtentry$$0000000D)
    .ARM.Collect$$rtexit$$00000000           0x08000208   Section        2  rtexit.o(.ARM.Collect$$rtexit$$00000000)
    .ARM.Collect$$rtexit$$00000002           0x0800020a   Section        0  rtexit2.o(.ARM.Collect$$rtexit$$00000002)
    .ARM.Collect$$rtexit$$00000003           0x0800020a   Section        4  rtexit2.o(.ARM.Collect$$rtexit$$00000003)
    .ARM.Collect$$rtexit$$00000004           0x0800020e   Section        6  rtexit2.o(.ARM.Collect$$rtexit$$00000004)
    .emb_text                                0x08000214   Section       12  sys.o(.emb_text)
    .text                                    0x08000220   Section       56  startup_stm32f10x_hd.o(.text)
    .text                                    0x08000258   Section        0  minibalance.o(.text)
    .text                                    0x0800030c   Section        0  delay.o(.text)
    .text                                    0x080003bc   Section        0  sys.o(.text)
    .text                                    0x08000678   Section        0  usart.o(.text)
    .text                                    0x08000c44   Section        0  led.o(.text)
    .text                                    0x08000cb8   Section        0  key.o(.text)
    .text                                    0x08000e54   Section        0  oled.o(.text)
    .text                                    0x080012c4   Section        0  adc.o(.text)
    .text                                    0x080014a0   Section        0  motor.o(.text)
    .text                                    0x08001750   Section        0  ioi2c.o(.text)
    .text                                    0x08001c5c   Section        0  exti.o(.text)
    .text                                    0x08001cb0   Section        0  usartx.o(.text)
    .text                                    0x08001ddc   Section        0  control.o(.text)
    .text                                    0x080028b4   Section        0  inv_mpu.o(.text)
    set_int_enable                           0x080028b5   Thumb Code   138  inv_mpu.o(.text)
    get_accel_prod_shift                     0x08003afd   Thumb Code   168  inv_mpu.o(.text)
    accel_self_test                          0x08003ba5   Thumb Code   164  inv_mpu.o(.text)
    gyro_self_test                           0x08003c49   Thumb Code   280  inv_mpu.o(.text)
    get_st_biases                            0x08003d61   Thumb Code  1136  inv_mpu.o(.text)
    .text                                    0x08004744   Section        0  inv_mpu_dmp_motion_driver.o(.text)
    decode_gesture                           0x080051f9   Thumb Code    94  inv_mpu_dmp_motion_driver.o(.text)
    .text                                    0x080054b4   Section        0  mpu6050.o(.text)
    inv_row_2_scale                          0x080054b5   Thumb Code    78  mpu6050.o(.text)
    inv_orientation_matrix_to_scalar         0x08005503   Thumb Code    40  mpu6050.o(.text)
    run_self_test                            0x0800552b   Thumb Code   150  mpu6050.o(.text)
    .text                                    0x08005d94   Section        0  show.o(.text)
    .text                                    0x080064c8   Section        0  datascope_dp.o(.text)
    .text                                    0x0800661c   Section        2  use_no_semi_2.o(.text)
    .text                                    0x0800661e   Section       72  llsdiv.o(.text)
    .text                                    0x08006668   Section        0  noretval__2printf.o(.text)
    .text                                    0x08006680   Section        0  __printf.o(.text)
    .text                                    0x080066e8   Section        0  _printf_dec.o(.text)
    .text                                    0x0800675c   Section        0  memcmp.o(.text)
    .text                                    0x080067b4   Section       16  aeabi_memset.o(.text)
    .text                                    0x080067c4   Section       68  rt_memclr.o(.text)
    .text                                    0x08006808   Section        0  heapauxi.o(.text)
    .text                                    0x0800680e   Section        2  use_no_semi.o(.text)
    .text                                    0x08006810   Section      238  lludivv7m.o(.text)
    .text                                    0x080068fe   Section        0  _rserrno.o(.text)
    .text                                    0x08006914   Section        0  _printf_intcommon.o(.text)
    .text                                    0x080069c8   Section        0  _printf_char_file.o(.text)
    .text                                    0x080069ec   Section       78  rt_memclr_w.o(.text)
    .text                                    0x08006a3c   Section        8  rt_errno_addr_intlibspace.o(.text)
    .text                                    0x08006a44   Section        0  _printf_char_common.o(.text)
    _printf_input_char                       0x08006a45   Thumb Code    10  _printf_char_common.o(.text)
    .text                                    0x08006a74   Section        0  ferror.o(.text)
    .text                                    0x08006a7c   Section        8  libspace.o(.text)
    .text                                    0x08006a84   Section       74  sys_stackheap_outer.o(.text)
    .text                                    0x08006ace   Section        0  exit.o(.text)
    i.__ARM_fpclassify                       0x08006ada   Section        0  fpclassify.o(i.__ARM_fpclassify)
    i.__kernel_poly                          0x08006b02   Section        0  poly.o(i.__kernel_poly)
    i.__mathlib_dbl_underflow                0x08006bac   Section        0  dunder.o(i.__mathlib_dbl_underflow)
    i.asin                                   0x08006bbc   Section        0  asin.o(i.asin)
    i.atan                                   0x08006e38   Section        0  atan.o(i.atan)
    i.atan2                                  0x0800705c   Section        0  atan2.o(i.atan2)
    i.pow                                    0x080071dc   Section        0  pow.o(i.pow)
    i.sqrt                                   0x08007bbc   Section        0  sqrt.o(i.sqrt)
    x$fpl$d2f                                0x08007c08   Section       98  d2f.o(x$fpl$d2f)
    x$fpl$dadd                               0x08007c6c   Section      336  daddsub_clz.o(x$fpl$dadd)
    _dadd1                                   0x08007c7d   Thumb Code     0  daddsub_clz.o(x$fpl$dadd)
    x$fpl$dcheck1                            0x08007dbc   Section       16  dcheck1.o(x$fpl$dcheck1)
    x$fpl$dcmpinf                            0x08007dcc   Section       24  dcmpi.o(x$fpl$dcmpinf)
    x$fpl$ddiv                               0x08007de4   Section      688  ddiv.o(x$fpl$ddiv)
    ddiv_entry                               0x08007deb   Thumb Code     0  ddiv.o(x$fpl$ddiv)
    x$fpl$dfix                               0x08008094   Section       94  dfix.o(x$fpl$dfix)
    x$fpl$dflt                               0x080080f2   Section       46  dflt_clz.o(x$fpl$dflt)
    x$fpl$dfltu                              0x08008120   Section       38  dflt_clz.o(x$fpl$dfltu)
    x$fpl$dleqf                              0x08008148   Section      120  dleqf.o(x$fpl$dleqf)
    x$fpl$dmul                               0x080081c0   Section      340  dmul.o(x$fpl$dmul)
    x$fpl$dnaninf                            0x08008314   Section      156  dnaninf.o(x$fpl$dnaninf)
    x$fpl$dretinf                            0x080083b0   Section       12  dretinf.o(x$fpl$dretinf)
    x$fpl$drleqf                             0x080083bc   Section      108  drleqf.o(x$fpl$drleqf)
    x$fpl$drsb                               0x08008428   Section       22  daddsub_clz.o(x$fpl$drsb)
    x$fpl$dsqrt                              0x08008440   Section      460  dsqrt_noumaal.o(x$fpl$dsqrt)
    x$fpl$dsub                               0x0800860c   Section      468  daddsub_clz.o(x$fpl$dsub)
    _dsub1                                   0x0800861d   Thumb Code     0  daddsub_clz.o(x$fpl$dsub)
    x$fpl$f2d                                0x080087e0   Section       86  f2d.o(x$fpl$f2d)
    x$fpl$fadd                               0x08008838   Section      196  faddsub_clz.o(x$fpl$fadd)
    _fadd1                                   0x08008847   Thumb Code     0  faddsub_clz.o(x$fpl$fadd)
    x$fpl$fcmpinf                            0x080088fc   Section       24  fcmpi.o(x$fpl$fcmpinf)
    x$fpl$fdiv                               0x08008914   Section      388  fdiv.o(x$fpl$fdiv)
    _fdiv1                                   0x08008915   Thumb Code     0  fdiv.o(x$fpl$fdiv)
    x$fpl$feqf                               0x08008a98   Section      104  feqf.o(x$fpl$feqf)
    x$fpl$ffix                               0x08008b00   Section       54  ffix.o(x$fpl$ffix)
    x$fpl$ffixu                              0x08008b38   Section       62  ffixu.o(x$fpl$ffixu)
    x$fpl$fflt                               0x08008b78   Section       48  fflt_clz.o(x$fpl$fflt)
    x$fpl$ffltu                              0x08008ba8   Section       38  fflt_clz.o(x$fpl$ffltu)
    x$fpl$fleqf                              0x08008bd0   Section      104  fleqf.o(x$fpl$fleqf)
    x$fpl$fmul                               0x08008c38   Section      258  fmul.o(x$fpl$fmul)
    x$fpl$fnaninf                            0x08008d3a   Section      140  fnaninf.o(x$fpl$fnaninf)
    x$fpl$fretinf                            0x08008dc6   Section       10  fretinf.o(x$fpl$fretinf)
    x$fpl$frleqf                             0x08008dd0   Section       98  frleqf.o(x$fpl$frleqf)
    x$fpl$frsb                               0x08008e32   Section       20  faddsub_clz.o(x$fpl$frsb)
    x$fpl$fsub                               0x08008e48   Section      234  faddsub_clz.o(x$fpl$fsub)
    _fsub1                                   0x08008e57   Thumb Code     0  faddsub_clz.o(x$fpl$fsub)
    x$fpl$retnan                             0x08008f32   Section      100  retnan.o(x$fpl$retnan)
    x$fpl$scalbn                             0x08008f96   Section       92  scalbn.o(x$fpl$scalbn)
    x$fpl$trapveneer                         0x08008ff2   Section       48  trapv.o(x$fpl$trapveneer)
    .constdata                               0x08009022   Section     2660  oled.o(.constdata)
    x$fpl$usenofp                            0x08009022   Section        0  usenofp.o(x$fpl$usenofp)
    .constdata                               0x08009a88   Section       80  inv_mpu.o(.constdata)
    .constdata                               0x08009ad8   Section     3062  inv_mpu_dmp_motion_driver.o(.constdata)
    dmp_memory                               0x08009ad8   Data        3062  inv_mpu_dmp_motion_driver.o(.constdata)
    .constdata                               0x0800a6d0   Section       80  asin.o(.constdata)
    pS                                       0x0800a6d0   Data          48  asin.o(.constdata)
    qS                                       0x0800a700   Data          32  asin.o(.constdata)
    .constdata                               0x0800a720   Section      136  pow.o(.constdata)
    bp                                       0x0800a720   Data          16  pow.o(.constdata)
    dp_h                                     0x0800a730   Data          16  pow.o(.constdata)
    dp_l                                     0x0800a740   Data          16  pow.o(.constdata)
    L                                        0x0800a750   Data          48  pow.o(.constdata)
    P                                        0x0800a780   Data          40  pow.o(.constdata)
    .constdata                               0x0800a7a8   Section      152  atan.o(.constdata)
    atanhi                                   0x0800a7a8   Data          32  atan.o(.constdata)
    atanlo                                   0x0800a7c8   Data          32  atan.o(.constdata)
    aTodd                                    0x0800a7e8   Data          40  atan.o(.constdata)
    aTeven                                   0x0800a810   Data          48  atan.o(.constdata)
    .constdata                               0x0800a840   Section        8  qnan.o(.constdata)
    .conststring                             0x0800a848   Section       78  inv_mpu.o(.conststring)
    .data                                    0x20000000   Section      124  minibalance.o(.data)
    .data                                    0x2000007c   Section        4  delay.o(.data)
    fac_us                                   0x2000007c   Data           1  delay.o(.data)
    fac_ms                                   0x2000007e   Data           2  delay.o(.data)
    .data                                    0x20000080   Section       17  usart.o(.data)
    Flag_PID                                 0x20000088   Data           1  usart.o(.data)
    i                                        0x20000089   Data           1  usart.o(.data)
    j                                        0x2000008a   Data           1  usart.o(.data)
    Data                                     0x2000008c   Data           4  usart.o(.data)
    flag_key                                 0x20000090   Data           1  usart.o(.data)
    .data                                    0x20000094   Section        4  led.o(.data)
    temp                                     0x20000094   Data           4  led.o(.data)
    .data                                    0x20000098   Section       14  key.o(.data)
    flag_key                                 0x20000098   Data           1  key.o(.data)
    count_key                                0x20000099   Data           1  key.o(.data)
    double_key                               0x2000009a   Data           1  key.o(.data)
    count_single                             0x2000009c   Data           2  key.o(.data)
    Forever_count                            0x2000009e   Data           2  key.o(.data)
    flag_key                                 0x200000a0   Data           1  key.o(.data)
    Long_Press_count                         0x200000a2   Data           2  key.o(.data)
    Long_Press                               0x200000a4   Data           2  key.o(.data)
    .data                                    0x200000a8   Section       76  control.o(.data)
    Velocity                                 0x200000c4   Data           4  control.o(.data)
    Encoder_Least                            0x200000c8   Data           4  control.o(.data)
    Encoder                                  0x200000cc   Data           4  control.o(.data)
    Movement                                 0x200000d0   Data           4  control.o(.data)
    Target_Velocity                          0x200000d4   Data           4  control.o(.data)
    Encoder_Integral                         0x200000d8   Data           4  control.o(.data)
    Velocity                                 0x200000dc   Data           4  control.o(.data)
    Encoder_Least                            0x200000e0   Data           4  control.o(.data)
    Encoder                                  0x200000e4   Data           4  control.o(.data)
    Movement                                 0x200000e8   Data           4  control.o(.data)
    Target_Velocity                          0x200000ec   Data           4  control.o(.data)
    Encoder_Integral                         0x200000f0   Data           4  control.o(.data)
    .data                                    0x200000f4   Section       44  inv_mpu.o(.data)
    st                                       0x200000f4   Data          44  inv_mpu.o(.data)
    .data                                    0x20000120   Section       48  mpu6050.o(.data)
    gyro_orientation                         0x20000140   Data           9  mpu6050.o(.data)
    .data                                    0x20000150   Section        9  show.o(.data)
    flag                                     0x20000158   Data           1  show.o(.data)
    .bss                                     0x2000015c   Section       50  usart.o(.bss)
    Receive                                  0x2000015c   Data          50  usart.o(.bss)
    .bss                                     0x2000018e   Section     1024  oled.o(.bss)
    .bss                                     0x2000058e   Section      100  control.o(.bss)
    Speed_Buf                                0x2000058e   Data          50  control.o(.bss)
    Speed_Buf                                0x200005c0   Data          50  control.o(.bss)
    .bss                                     0x200005f4   Section       16  inv_mpu_dmp_motion_driver.o(.bss)
    dmp                                      0x200005f4   Data          16  inv_mpu_dmp_motion_driver.o(.bss)
    .bss                                     0x20000604   Section      146  mpu6050.o(.bss)
    .bss                                     0x20000696   Section       42  datascope_dp.o(.bss)
    .bss                                     0x200006c0   Section       96  libspace.o(.bss)
    HEAP                                     0x20000720   Section      512  startup_stm32f10x_hd.o(HEAP)
    Heap_Mem                                 0x20000720   Data         512  startup_stm32f10x_hd.o(HEAP)
    STACK                                    0x20000920   Section     1024  startup_stm32f10x_hd.o(STACK)
    Stack_Mem                                0x20000920   Data        1024  startup_stm32f10x_hd.o(STACK)
    __initial_sp                             0x20000d20   Data           0  startup_stm32f10x_hd.o(STACK)

    Global Symbols

    Symbol Name                              Value     Ov Type        Size  Object(Section)

    BuildAttributes$$THM_ISAv4$P$D$K$B$S$PE$A:L22UL41UL21$X:L11$S22US41US21$IEEE1$IW$USESV6$~STKCKD$USESV7$~SHL$OTIME$ROPI$IEEEX$EBA8$UX$STANDARDLIB$REQ8$PRES8$EABIv2 0x00000000   Number         0  anon$$obj.o ABSOLUTE
    __ARM_use_no_argv                        0x00000000   Number         0  minibalance.o ABSOLUTE
    __ARM_exceptions_init                     - Undefined Weak Reference
    __alloca_initialize                       - Undefined Weak Reference
    __cpp_initialize__aeabi_                  - Undefined Weak Reference
    __cxa_finalize                            - Undefined Weak Reference
    __rt_locale                               - Undefined Weak Reference
    __sigvec_lookup                           - Undefined Weak Reference
    _atexit_init                              - Undefined Weak Reference
    _call_atexit_fns                          - Undefined Weak Reference
    _clock_init                               - Undefined Weak Reference
    _fp_trap_init                             - Undefined Weak Reference
    _fp_trap_shutdown                         - Undefined Weak Reference
    _get_lc_collate                           - Undefined Weak Reference
    _get_lc_ctype                             - Undefined Weak Reference
    _get_lc_monetary                          - Undefined Weak Reference
    _get_lc_numeric                           - Undefined Weak Reference
    _get_lc_time                              - Undefined Weak Reference
    _getenv_init                              - Undefined Weak Reference
    _handle_redirection                       - Undefined Weak Reference
    _init_alloc                               - Undefined Weak Reference
    _init_user_alloc                          - Undefined Weak Reference
    _initio                                   - Undefined Weak Reference
    _mutex_acquire                            - Undefined Weak Reference
    _mutex_release                            - Undefined Weak Reference
    _printf_post_padding                      - Undefined Weak Reference
    _printf_pre_padding                       - Undefined Weak Reference
    _printf_truncate_signed                   - Undefined Weak Reference
    _printf_truncate_unsigned                 - Undefined Weak Reference
    _rand_init                                - Undefined Weak Reference
    _signal_finish                            - Undefined Weak Reference
    _signal_init                              - Undefined Weak Reference
    _terminate_alloc                          - Undefined Weak Reference
    _terminate_user_alloc                     - Undefined Weak Reference
    _terminateio                              - Undefined Weak Reference
    __Vectors_Size                           0x00000130   Number         0  startup_stm32f10x_hd.o ABSOLUTE
    __Vectors                                0x08000000   Data           4  startup_stm32f10x_hd.o(RESET)
    __Vectors_End                            0x08000130   Data           0  startup_stm32f10x_hd.o(RESET)
    __main                                   0x08000131   Thumb Code     8  __main.o(!!!main)
    __scatterload                            0x08000139   Thumb Code     0  __scatter.o(!!!scatter)
    __scatterload_rt2                        0x08000139   Thumb Code    44  __scatter.o(!!!scatter)
    __scatterload_rt2_thumb_only             0x08000139   Thumb Code     0  __scatter.o(!!!scatter)
    __scatterload_null                       0x08000147   Thumb Code     0  __scatter.o(!!!scatter)
    __decompress                             0x0800016d   Thumb Code    90  __dczerorl2.o(!!dczerorl2)
    __decompress1                            0x0800016d   Thumb Code     0  __dczerorl2.o(!!dczerorl2)
    __scatterload_zeroinit                   0x080001c9   Thumb Code    28  __scatter_zi.o(!!handler_zi)
    _printf_d                                0x080001e5   Thumb Code     0  _printf_d.o(.ARM.Collect$$_printf_percent$$00000009)
    _printf_percent                          0x080001e5   Thumb Code     0  _printf_percent.o(.ARM.Collect$$_printf_percent$$00000000)
    _printf_percent_end                      0x080001eb   Thumb Code     0  _printf_percent_end.o(.ARM.Collect$$_printf_percent$$00000017)
    __rt_lib_init                            0x080001ef   Thumb Code     0  libinit.o(.ARM.Collect$$libinit$$00000000)
    __rt_lib_init_alloca_1                   0x080001f1   Thumb Code     0  libinit2.o(.ARM.Collect$$libinit$$0000002C)
    __rt_lib_init_argv_1                     0x080001f1   Thumb Code     0  libinit2.o(.ARM.Collect$$libinit$$0000002A)
    __rt_lib_init_atexit_1                   0x080001f1   Thumb Code     0  libinit2.o(.ARM.Collect$$libinit$$00000019)
    __rt_lib_init_clock_1                    0x080001f1   Thumb Code     0  libinit2.o(.ARM.Collect$$libinit$$0000001F)
    __rt_lib_init_cpp_1                      0x080001f1   Thumb Code     0  libinit2.o(.ARM.Collect$$libinit$$00000030)
    __rt_lib_init_exceptions_1               0x080001f1   Thumb Code     0  libinit2.o(.ARM.Collect$$libinit$$0000002E)
    __rt_lib_init_fp_1                       0x080001f1   Thumb Code     0  libinit2.o(.ARM.Collect$$libinit$$00000002)
    __rt_lib_init_fp_trap_1                  0x080001f1   Thumb Code     0  libinit2.o(.ARM.Collect$$libinit$$0000001D)
    __rt_lib_init_getenv_1                   0x080001f1   Thumb Code     0  libinit2.o(.ARM.Collect$$libinit$$00000021)
    __rt_lib_init_heap_1                     0x080001f1   Thumb Code     0  libinit2.o(.ARM.Collect$$libinit$$00000008)
    __rt_lib_init_lc_collate_1               0x080001f1   Thumb Code     0  libinit2.o(.ARM.Collect$$libinit$$0000000F)
    __rt_lib_init_lc_ctype_1                 0x080001f1   Thumb Code     0  libinit2.o(.ARM.Collect$$libinit$$00000011)
    __rt_lib_init_lc_monetary_1              0x080001f1   Thumb Code     0  libinit2.o(.ARM.Collect$$libinit$$00000013)
    __rt_lib_init_lc_numeric_1               0x080001f1   Thumb Code     0  libinit2.o(.ARM.Collect$$libinit$$00000015)
    __rt_lib_init_lc_time_1                  0x080001f1   Thumb Code     0  libinit2.o(.ARM.Collect$$libinit$$00000017)
    __rt_lib_init_rand_1                     0x080001f1   Thumb Code     0  libinit2.o(.ARM.Collect$$libinit$$0000000C)
    __rt_lib_init_return                     0x080001f1   Thumb Code     0  libinit2.o(.ARM.Collect$$libinit$$00000031)
    __rt_lib_init_signal_1                   0x080001f1   Thumb Code     0  libinit2.o(.ARM.Collect$$libinit$$0000001B)
    __rt_lib_init_stdio_1                    0x080001f1   Thumb Code     0  libinit2.o(.ARM.Collect$$libinit$$00000023)
    __rt_lib_init_user_alloc_1               0x080001f1   Thumb Code     0  libinit2.o(.ARM.Collect$$libinit$$0000000A)
    __rt_lib_shutdown                        0x080001f3   Thumb Code     0  libshutdown.o(.ARM.Collect$$libshutdown$$00000000)
    __rt_lib_shutdown_fp_trap_1              0x080001f5   Thumb Code     0  libshutdown2.o(.ARM.Collect$$libshutdown$$00000006)
    __rt_lib_shutdown_heap_1                 0x080001f5   Thumb Code     0  libshutdown2.o(.ARM.Collect$$libshutdown$$0000000E)
    __rt_lib_shutdown_return                 0x080001f5   Thumb Code     0  libshutdown2.o(.ARM.Collect$$libshutdown$$0000000F)
    __rt_lib_shutdown_signal_1               0x080001f5   Thumb Code     0  libshutdown2.o(.ARM.Collect$$libshutdown$$00000009)
    __rt_lib_shutdown_stdio_1                0x080001f5   Thumb Code     0  libshutdown2.o(.ARM.Collect$$libshutdown$$00000003)
    __rt_lib_shutdown_user_alloc_1           0x080001f5   Thumb Code     0  libshutdown2.o(.ARM.Collect$$libshutdown$$0000000B)
    __rt_entry                               0x080001f7   Thumb Code     0  rtentry.o(.ARM.Collect$$rtentry$$00000000)
    __rt_entry_presh_1                       0x080001f7   Thumb Code     0  rtentry2.o(.ARM.Collect$$rtentry$$00000002)
    __rt_entry_sh                            0x080001f7   Thumb Code     0  rtentry4.o(.ARM.Collect$$rtentry$$00000004)
    __rt_entry_li                            0x080001fd   Thumb Code     0  rtentry2.o(.ARM.Collect$$rtentry$$0000000A)
    __rt_entry_postsh_1                      0x080001fd   Thumb Code     0  rtentry2.o(.ARM.Collect$$rtentry$$00000009)
    __rt_entry_main                          0x08000201   Thumb Code     0  rtentry2.o(.ARM.Collect$$rtentry$$0000000D)
    __rt_entry_postli_1                      0x08000201   Thumb Code     0  rtentry2.o(.ARM.Collect$$rtentry$$0000000C)
    __rt_exit                                0x08000209   Thumb Code     0  rtexit.o(.ARM.Collect$$rtexit$$00000000)
    __rt_exit_ls                             0x0800020b   Thumb Code     0  rtexit2.o(.ARM.Collect$$rtexit$$00000003)
    __rt_exit_prels_1                        0x0800020b   Thumb Code     0  rtexit2.o(.ARM.Collect$$rtexit$$00000002)
    __rt_exit_exit                           0x0800020f   Thumb Code     0  rtexit2.o(.ARM.Collect$$rtexit$$00000004)
    WFI_SET                                  0x08000215   Thumb Code     2  sys.o(.emb_text)
    INTX_DISABLE                             0x08000217   Thumb Code     2  sys.o(.emb_text)
    INTX_ENABLE                              0x08000219   Thumb Code     2  sys.o(.emb_text)
    MSR_MSP                                  0x0800021b   Thumb Code     6  sys.o(.emb_text)
    Reset_Handler                            0x08000221   Thumb Code     4  startup_stm32f10x_hd.o(.text)
    NMI_Handler                              0x08000225   Thumb Code     2  startup_stm32f10x_hd.o(.text)
    HardFault_Handler                        0x08000227   Thumb Code     2  startup_stm32f10x_hd.o(.text)
    MemManage_Handler                        0x08000229   Thumb Code     2  startup_stm32f10x_hd.o(.text)
    BusFault_Handler                         0x0800022b   Thumb Code     2  startup_stm32f10x_hd.o(.text)
    UsageFault_Handler                       0x0800022d   Thumb Code     2  startup_stm32f10x_hd.o(.text)
    SVC_Handler                              0x0800022f   Thumb Code     2  startup_stm32f10x_hd.o(.text)
    DebugMon_Handler                         0x08000231   Thumb Code     2  startup_stm32f10x_hd.o(.text)
    PendSV_Handler                           0x08000233   Thumb Code     2  startup_stm32f10x_hd.o(.text)
    SysTick_Handler                          0x08000235   Thumb Code     2  startup_stm32f10x_hd.o(.text)
    ADC1_2_IRQHandler                        0x08000237   Thumb Code     0  startup_stm32f10x_hd.o(.text)
    ADC3_IRQHandler                          0x08000237   Thumb Code     0  startup_stm32f10x_hd.o(.text)
    CAN1_RX1_IRQHandler                      0x08000237   Thumb Code     0  startup_stm32f10x_hd.o(.text)
    CAN1_SCE_IRQHandler                      0x08000237   Thumb Code     0  startup_stm32f10x_hd.o(.text)
    DMA1_Channel1_IRQHandler                 0x08000237   Thumb Code     0  startup_stm32f10x_hd.o(.text)
    DMA1_Channel2_IRQHandler                 0x08000237   Thumb Code     0  startup_stm32f10x_hd.o(.text)
    DMA1_Channel3_IRQHandler                 0x08000237   Thumb Code     0  startup_stm32f10x_hd.o(.text)
    DMA1_Channel4_IRQHandler                 0x08000237   Thumb Code     0  startup_stm32f10x_hd.o(.text)
    DMA1_Channel5_IRQHandler                 0x08000237   Thumb Code     0  startup_stm32f10x_hd.o(.text)
    DMA1_Channel6_IRQHandler                 0x08000237   Thumb Code     0  startup_stm32f10x_hd.o(.text)
    DMA1_Channel7_IRQHandler                 0x08000237   Thumb Code     0  startup_stm32f10x_hd.o(.text)
    DMA2_Channel1_IRQHandler                 0x08000237   Thumb Code     0  startup_stm32f10x_hd.o(.text)
    DMA2_Channel2_IRQHandler                 0x08000237   Thumb Code     0  startup_stm32f10x_hd.o(.text)
    DMA2_Channel3_IRQHandler                 0x08000237   Thumb Code     0  startup_stm32f10x_hd.o(.text)
    DMA2_Channel4_5_IRQHandler               0x08000237   Thumb Code     0  startup_stm32f10x_hd.o(.text)
    EXTI0_IRQHandler                         0x08000237   Thumb Code     0  startup_stm32f10x_hd.o(.text)
    EXTI1_IRQHandler                         0x08000237   Thumb Code     0  startup_stm32f10x_hd.o(.text)
    EXTI2_IRQHandler                         0x08000237   Thumb Code     0  startup_stm32f10x_hd.o(.text)
    EXTI3_IRQHandler                         0x08000237   Thumb Code     0  startup_stm32f10x_hd.o(.text)
    EXTI4_IRQHandler                         0x08000237   Thumb Code     0  startup_stm32f10x_hd.o(.text)
    EXTI9_5_IRQHandler                       0x08000237   Thumb Code     0  startup_stm32f10x_hd.o(.text)
    FLASH_IRQHandler                         0x08000237   Thumb Code     0  startup_stm32f10x_hd.o(.text)
    FSMC_IRQHandler                          0x08000237   Thumb Code     0  startup_stm32f10x_hd.o(.text)
    I2C1_ER_IRQHandler                       0x08000237   Thumb Code     0  startup_stm32f10x_hd.o(.text)
    I2C1_EV_IRQHandler                       0x08000237   Thumb Code     0  startup_stm32f10x_hd.o(.text)
    I2C2_ER_IRQHandler                       0x08000237   Thumb Code     0  startup_stm32f10x_hd.o(.text)
    I2C2_EV_IRQHandler                       0x08000237   Thumb Code     0  startup_stm32f10x_hd.o(.text)
    PVD_IRQHandler                           0x08000237   Thumb Code     0  startup_stm32f10x_hd.o(.text)
    RCC_IRQHandler                           0x08000237   Thumb Code     0  startup_stm32f10x_hd.o(.text)
    RTCAlarm_IRQHandler                      0x08000237   Thumb Code     0  startup_stm32f10x_hd.o(.text)
    RTC_IRQHandler                           0x08000237   Thumb Code     0  startup_stm32f10x_hd.o(.text)
    SDIO_IRQHandler                          0x08000237   Thumb Code     0  startup_stm32f10x_hd.o(.text)
    SPI1_IRQHandler                          0x08000237   Thumb Code     0  startup_stm32f10x_hd.o(.text)
    SPI2_IRQHandler                          0x08000237   Thumb Code     0  startup_stm32f10x_hd.o(.text)
    SPI3_IRQHandler                          0x08000237   Thumb Code     0  startup_stm32f10x_hd.o(.text)
    TAMPER_IRQHandler                        0x08000237   Thumb Code     0  startup_stm32f10x_hd.o(.text)
    TIM1_BRK_IRQHandler                      0x08000237   Thumb Code     0  startup_stm32f10x_hd.o(.text)
    TIM1_CC_IRQHandler                       0x08000237   Thumb Code     0  startup_stm32f10x_hd.o(.text)
    TIM1_TRG_COM_IRQHandler                  0x08000237   Thumb Code     0  startup_stm32f10x_hd.o(.text)
    TIM1_UP_IRQHandler                       0x08000237   Thumb Code     0  startup_stm32f10x_hd.o(.text)
    TIM2_IRQHandler                          0x08000237   Thumb Code     0  startup_stm32f10x_hd.o(.text)
    TIM3_IRQHandler                          0x08000237   Thumb Code     0  startup_stm32f10x_hd.o(.text)
    TIM4_IRQHandler                          0x08000237   Thumb Code     0  startup_stm32f10x_hd.o(.text)
    TIM5_IRQHandler                          0x08000237   Thumb Code     0  startup_stm32f10x_hd.o(.text)
    TIM6_IRQHandler                          0x08000237   Thumb Code     0  startup_stm32f10x_hd.o(.text)
    TIM7_IRQHandler                          0x08000237   Thumb Code     0  startup_stm32f10x_hd.o(.text)
    TIM8_BRK_IRQHandler                      0x08000237   Thumb Code     0  startup_stm32f10x_hd.o(.text)
    TIM8_CC_IRQHandler                       0x08000237   Thumb Code     0  startup_stm32f10x_hd.o(.text)
    TIM8_TRG_COM_IRQHandler                  0x08000237   Thumb Code     0  startup_stm32f10x_hd.o(.text)
    TIM8_UP_IRQHandler                       0x08000237   Thumb Code     0  startup_stm32f10x_hd.o(.text)
    UART4_IRQHandler                         0x08000237   Thumb Code     0  startup_stm32f10x_hd.o(.text)
    UART5_IRQHandler                         0x08000237   Thumb Code     0  startup_stm32f10x_hd.o(.text)
    USART1_IRQHandler                        0x08000237   Thumb Code     0  startup_stm32f10x_hd.o(.text)
    USBWakeUp_IRQHandler                     0x08000237   Thumb Code     0  startup_stm32f10x_hd.o(.text)
    USB_HP_CAN1_TX_IRQHandler                0x08000237   Thumb Code     0  startup_stm32f10x_hd.o(.text)
    USB_LP_CAN1_RX0_IRQHandler               0x08000237   Thumb Code     0  startup_stm32f10x_hd.o(.text)
    WWDG_IRQHandler                          0x08000237   Thumb Code     0  startup_stm32f10x_hd.o(.text)
    __user_initial_stackheap                 0x08000239   Thumb Code     0  startup_stm32f10x_hd.o(.text)
    main                                     0x08000259   Thumb Code   170  minibalance.o(.text)
    delay_init                               0x0800030d   Thumb Code    56  delay.o(.text)
    delay_us                                 0x08000345   Thumb Code    56  delay.o(.text)
    delay_ms                                 0x0800037d   Thumb Code    56  delay.o(.text)
    MY_NVIC_SetVectorTable                   0x080003bd   Thumb Code    12  sys.o(.text)
    MY_NVIC_PriorityGroupConfig              0x080003c9   Thumb Code    36  sys.o(.text)
    MY_NVIC_Init                             0x080003ed   Thumb Code   116  sys.o(.text)
    Ex_NVIC_Config                           0x08000461   Thumb Code   146  sys.o(.text)
    MYRCC_DeInit                             0x080004f3   Thumb Code    90  sys.o(.text)
    Sys_Standby                              0x0800054d   Thumb Code    68  sys.o(.text)
    Sys_Soft_Reset                           0x08000591   Thumb Code    12  sys.o(.text)
    JTAG_Set                                 0x0800059d   Thumb Code    42  sys.o(.text)
    Stm32_Clock_Init                         0x080005c7   Thumb Code   134  sys.o(.text)
    _sys_exit                                0x08000679   Thumb Code     6  usart.o(.text)
    fputc                                    0x0800067f   Thumb Code    24  usart.o(.text)
    usart1_send                              0x08000697   Thumb Code    22  usart.o(.text)
    uart_init                                0x080006ad   Thumb Code   182  usart.o(.text)
    usart2_send                              0x08000763   Thumb Code    22  usart.o(.text)
    uart2_init                               0x08000779   Thumb Code   234  usart.o(.text)
    USART2_IRQHandler                        0x08000863   Thumb Code   852  usart.o(.text)
    click_RC                                 0x08000bb7   Thumb Code    88  usart.o(.text)
    LED_Init                                 0x08000c45   Thumb Code    52  led.o(.text)
    Led_Flash                                0x08000c79   Thumb Code    44  led.o(.text)
    KEY_Init                                 0x08000cb9   Thumb Code    64  key.o(.text)
    click_N_Double                           0x08000cf9   Thumb Code   184  key.o(.text)
    click                                    0x08000db1   Thumb Code    38  key.o(.text)
    Long_Press                               0x08000dd7   Thumb Code    72  key.o(.text)
    OLED_WR_Byte                             0x08000e55   Thumb Code    82  oled.o(.text)
    OLED_Refresh_Gram                        0x08000ea7   Thumb Code    70  oled.o(.text)
    OLED_Display_On                          0x08000eed   Thumb Code    28  oled.o(.text)
    OLED_Display_Off                         0x08000f09   Thumb Code    28  oled.o(.text)
    OLED_Clear                               0x08000f25   Thumb Code    42  oled.o(.text)
    OLED_DrawPoint                           0x08000f4f   Thumb Code   100  oled.o(.text)
    OLED_ShowChar                            0x08000fb3   Thumb Code   158  oled.o(.text)
    oled_pow                                 0x08001051   Thumb Code    22  oled.o(.text)
    OLED_ShowNumber                          0x08001067   Thumb Code   148  oled.o(.text)
    OLED_ShowString                          0x080010fb   Thumb Code    68  oled.o(.text)
    OLED_Init                                0x0800113f   Thumb Code   388  oled.o(.text)
    Adc_Init                                 0x080012c5   Thumb Code   282  adc.o(.text)
    Get_Adc                                  0x080013df   Thumb Code    68  adc.o(.text)
    Get_battery_volt                         0x08001423   Thumb Code    90  adc.o(.text)
    MiniBalance_Motor_Init                   0x080014a1   Thumb Code   112  motor.o(.text)
    MiniBalance_PWM_Init                     0x08001511   Thumb Code   344  motor.o(.text)
    Set_PWM_Final                            0x08001669   Thumb Code   190  motor.o(.text)
    IIC_Init                                 0x08001751   Thumb Code    36  ioi2c.o(.text)
    IIC_Start                                0x08001775   Thumb Code    92  ioi2c.o(.text)
    IIC_Stop                                 0x080017d1   Thumb Code    64  ioi2c.o(.text)
    IIC_Wait_Ack                             0x08001811   Thumb Code    92  ioi2c.o(.text)
    IIC_Ack                                  0x0800186d   Thumb Code    68  ioi2c.o(.text)
    IIC_NAck                                 0x080018b1   Thumb Code    66  ioi2c.o(.text)
    IIC_Send_Byte                            0x080018f3   Thumb Code    90  ioi2c.o(.text)
    i2cWrite                                 0x0800194d   Thumb Code    96  ioi2c.o(.text)
    IIC_Read_Byte                            0x080019ad   Thumb Code   100  ioi2c.o(.text)
    i2cRead                                  0x08001a11   Thumb Code   118  ioi2c.o(.text)
    I2C_ReadOneByte                          0x08001a87   Thumb Code    70  ioi2c.o(.text)
    IICreadBytes                             0x08001acd   Thumb Code   116  ioi2c.o(.text)
    IICwriteBytes                            0x08001b41   Thumb Code    70  ioi2c.o(.text)
    IICreadByte                              0x08001b87   Thumb Code    22  ioi2c.o(.text)
    IICwriteByte                             0x08001b9d   Thumb Code    20  ioi2c.o(.text)
    IICwriteBits                             0x08001bb1   Thumb Code   106  ioi2c.o(.text)
    IICwriteBit                              0x08001c1b   Thumb Code    64  ioi2c.o(.text)
    EXTI_Init                                0x08001c5d   Thumb Code    76  exti.o(.text)
    usart3_send                              0x08001cb1   Thumb Code    22  usartx.o(.text)
    uart3_init                               0x08001cc7   Thumb Code   246  usartx.o(.text)
    USART3_IRQHandler                        0x08001dbd   Thumb Code    10  usartx.o(.text)
    Kinematic_Analysis                       0x08001ddd   Thumb Code   282  control.o(.text)
    Forward_Kinematics                       0x08001ef7   Thumb Code   112  control.o(.text)
    myabs                                    0x08001f67   Thumb Code    14  control.o(.text)
    Linear_Conversion                        0x08001f75   Thumb Code    34  control.o(.text)
    Set_Pwm                                  0x08001f97   Thumb Code   108  control.o(.text)
    Turn_Off                                 0x08002003   Thumb Code   106  control.o(.text)
    Xianfu_Pwm                               0x0800206d   Thumb Code    86  control.o(.text)
    Mean_Filter_Y                            0x080020c3   Thumb Code    68  control.o(.text)
    velocity_Y                               0x08002107   Thumb Code   490  control.o(.text)
    Mean_Filter_X                            0x080022f1   Thumb Code    68  control.o(.text)
    velocity_X                               0x08002335   Thumb Code   356  control.o(.text)
    balance_Roll                             0x08002499   Thumb Code    62  control.o(.text)
    balance_Pitch                            0x080024d7   Thumb Code    62  control.o(.text)
    Key                                      0x08002515   Thumb Code    78  control.o(.text)
    EXTI15_10_IRQHandler                     0x08002563   Thumb Code   754  control.o(.text)
    mpu_reg_dump                             0x0800293f   Thumb Code    72  inv_mpu.o(.text)
    mpu_read_reg                             0x08002987   Thumb Code    66  inv_mpu.o(.text)
    mpu_set_int_latched                      0x080029c9   Thumb Code   102  inv_mpu.o(.text)
    mpu_set_sensors                          0x08002a2f   Thumb Code   202  inv_mpu.o(.text)
    mpu_set_bypass                           0x08002af9   Thumb Code   328  inv_mpu.o(.text)
    mpu_reset_fifo                           0x08002c41   Thumb Code   444  inv_mpu.o(.text)
    mpu_configure_fifo                       0x08002dfd   Thumb Code   106  inv_mpu.o(.text)
    mpu_set_lpf                              0x08002e67   Thumb Code   126  inv_mpu.o(.text)
    mpu_lp_accel_mode                        0x08002ee5   Thumb Code   218  inv_mpu.o(.text)
    mpu_set_sample_rate                      0x08002fbf   Thumb Code   152  inv_mpu.o(.text)
    mpu_set_accel_fsr                        0x08003057   Thumb Code   132  inv_mpu.o(.text)
    mpu_set_gyro_fsr                         0x080030db   Thumb Code   132  inv_mpu.o(.text)
    mpu_init                                 0x0800315f   Thumb Code   416  inv_mpu.o(.text)
    myget_ms                                 0x080032ff   Thumb Code     2  inv_mpu.o(.text)
    mpu_get_gyro_reg                         0x08003301   Thumb Code   110  inv_mpu.o(.text)
    mpu_get_accel_reg                        0x0800336f   Thumb Code   110  inv_mpu.o(.text)
    mpu_get_temperature                      0x080033dd   Thumb Code   150  inv_mpu.o(.text)
    mpu_set_accel_bias                       0x08003473   Thumb Code   468  inv_mpu.o(.text)
    mpu_get_gyro_fsr                         0x08003647   Thumb Code    64  inv_mpu.o(.text)
    mpu_get_accel_fsr                        0x08003687   Thumb Code    72  inv_mpu.o(.text)
    mpu_get_lpf                              0x080036cf   Thumb Code    74  inv_mpu.o(.text)
    mpu_get_sample_rate                      0x08003719   Thumb Code    26  inv_mpu.o(.text)
    mpu_get_compass_sample_rate              0x08003733   Thumb Code    10  inv_mpu.o(.text)
    mpu_set_compass_sample_rate              0x0800373d   Thumb Code     8  inv_mpu.o(.text)
    mpu_get_gyro_sens                        0x08003745   Thumb Code    58  inv_mpu.o(.text)
    mpu_get_accel_sens                       0x0800377f   Thumb Code    78  inv_mpu.o(.text)
    mpu_get_fifo_config                      0x080037cd   Thumb Code    12  inv_mpu.o(.text)
    mpu_get_power_state                      0x080037d9   Thumb Code    22  inv_mpu.o(.text)
    mpu_get_int_status                       0x080037ef   Thumb Code    64  inv_mpu.o(.text)
    mpu_read_fifo                            0x0800382f   Thumb Code   520  inv_mpu.o(.text)
    mpu_read_fifo_stream                     0x08003a37   Thumb Code   186  inv_mpu.o(.text)
    mpu_set_int_level                        0x08003af1   Thumb Code    12  inv_mpu.o(.text)
    mpu_set_dmp_state                        0x080041d1   Thumb Code   138  inv_mpu.o(.text)
    mpu_run_self_test                        0x0800425b   Thumb Code   278  inv_mpu.o(.text)
    mpu_write_mem                            0x08004371   Thumb Code   122  inv_mpu.o(.text)
    mpu_read_mem                             0x080043eb   Thumb Code   122  inv_mpu.o(.text)
    mpu_load_firmware                        0x08004465   Thumb Code   190  inv_mpu.o(.text)
    mpu_get_dmp_state                        0x08004523   Thumb Code    14  inv_mpu.o(.text)
    mpu_get_compass_reg                      0x08004531   Thumb Code     8  inv_mpu.o(.text)
    mpu_get_compass_fsr                      0x08004539   Thumb Code     8  inv_mpu.o(.text)
    mpu_lp_motion_interrupt                  0x08004541   Thumb Code   512  inv_mpu.o(.text)
    dmp_load_motion_driver_firmware          0x08004745   Thumb Code    20  inv_mpu_dmp_motion_driver.o(.text)
    dmp_set_orientation                      0x08004759   Thumb Code   290  inv_mpu_dmp_motion_driver.o(.text)
    dmp_set_gyro_bias                        0x0800487b   Thumb Code   294  inv_mpu_dmp_motion_driver.o(.text)
    dmp_set_accel_bias                       0x080049a1   Thumb Code   300  inv_mpu_dmp_motion_driver.o(.text)
    dmp_set_fifo_rate                        0x08004acd   Thumb Code   136  inv_mpu_dmp_motion_driver.o(.text)
    dmp_get_fifo_rate                        0x08004b55   Thumb Code    12  inv_mpu_dmp_motion_driver.o(.text)
    dmp_set_tap_thresh                       0x08004b61   Thumb Code   396  inv_mpu_dmp_motion_driver.o(.text)
    dmp_set_tap_axes                         0x08004ced   Thumb Code    70  inv_mpu_dmp_motion_driver.o(.text)
    dmp_set_tap_count                        0x08004d33   Thumb Code    38  inv_mpu_dmp_motion_driver.o(.text)
    dmp_set_tap_time                         0x08004d59   Thumb Code    38  inv_mpu_dmp_motion_driver.o(.text)
    dmp_set_tap_time_multi                   0x08004d7f   Thumb Code    38  inv_mpu_dmp_motion_driver.o(.text)
    dmp_set_shake_reject_thresh              0x08004da5   Thumb Code    56  inv_mpu_dmp_motion_driver.o(.text)
    dmp_set_shake_reject_time                0x08004ddd   Thumb Code    38  inv_mpu_dmp_motion_driver.o(.text)
    dmp_set_shake_reject_timeout             0x08004e03   Thumb Code    38  inv_mpu_dmp_motion_driver.o(.text)
    dmp_get_pedometer_step_count             0x08004e29   Thumb Code    66  inv_mpu_dmp_motion_driver.o(.text)
    dmp_set_pedometer_step_count             0x08004e6b   Thumb Code    42  inv_mpu_dmp_motion_driver.o(.text)
    dmp_get_pedometer_walk_time              0x08004e95   Thumb Code    72  inv_mpu_dmp_motion_driver.o(.text)
    dmp_set_pedometer_walk_time              0x08004edd   Thumb Code    48  inv_mpu_dmp_motion_driver.o(.text)
    dmp_enable_6x_lp_quat                    0x08004f0d   Thumb Code    84  inv_mpu_dmp_motion_driver.o(.text)
    dmp_enable_lp_quat                       0x08004f61   Thumb Code    60  inv_mpu_dmp_motion_driver.o(.text)
    dmp_enable_gyro_cal                      0x08004f9d   Thumb Code    62  inv_mpu_dmp_motion_driver.o(.text)
    dmp_enable_feature                       0x08004fdb   Thumb Code   530  inv_mpu_dmp_motion_driver.o(.text)
    dmp_get_enabled_features                 0x080051ed   Thumb Code    12  inv_mpu_dmp_motion_driver.o(.text)
    dmp_set_interrupt_mode                   0x08005257   Thumb Code    66  inv_mpu_dmp_motion_driver.o(.text)
    dmp_read_fifo                            0x08005299   Thumb Code   514  inv_mpu_dmp_motion_driver.o(.text)
    dmp_register_tap_cb                      0x0800549b   Thumb Code    10  inv_mpu_dmp_motion_driver.o(.text)
    dmp_register_android_orient_cb           0x080054a5   Thumb Code    10  inv_mpu_dmp_motion_driver.o(.text)
    MPU6050_newValues                        0x080055c1   Thumb Code   494  mpu6050.o(.text)
    MPU6050_setClockSource                   0x080057af   Thumb Code    20  mpu6050.o(.text)
    MPU6050_setFullScaleGyroRange            0x080057c3   Thumb Code    20  mpu6050.o(.text)
    MPU6050_setFullScaleAccelRange           0x080057d7   Thumb Code    20  mpu6050.o(.text)
    MPU6050_setSleepEnabled                  0x080057eb   Thumb Code    18  mpu6050.o(.text)
    MPU6050_getDeviceID                      0x080057fd   Thumb Code    20  mpu6050.o(.text)
    MPU6050_testConnection                   0x08005811   Thumb Code    18  mpu6050.o(.text)
    MPU6050_setI2CMasterModeEnabled          0x08005823   Thumb Code    18  mpu6050.o(.text)
    MPU6050_setI2CBypassEnabled              0x08005835   Thumb Code    18  mpu6050.o(.text)
    MPU6050_initialize                       0x08005847   Thumb Code    40  mpu6050.o(.text)
    DMP_Init                                 0x0800586f   Thumb Code   194  mpu6050.o(.text)
    Read_DMP                                 0x08005931   Thumb Code   966  mpu6050.o(.text)
    Read_Temperature                         0x08005cf7   Thumb Code   110  mpu6050.o(.text)
    oled_show                                0x08005d95   Thumb Code  1276  show.o(.text)
    APP_Show                                 0x08006291   Thumb Code   272  show.o(.text)
    DataScope                                0x080063a1   Thumb Code   140  show.o(.text)
    Float2Byte                               0x080064c9   Thumb Code    28  datascope_dp.o(.text)
    DataScope_Get_Channel_Data               0x080064e5   Thumb Code   158  datascope_dp.o(.text)
    DataScope_Data_Generate                  0x08006583   Thumb Code   148  datascope_dp.o(.text)
    __use_no_semihosting                     0x0800661d   Thumb Code     2  use_no_semi_2.o(.text)
    __aeabi_ldivmod                          0x0800661f   Thumb Code     0  llsdiv.o(.text)
    _ll_sdiv                                 0x0800661f   Thumb Code    72  llsdiv.o(.text)
    __2printf                                0x08006669   Thumb Code    20  noretval__2printf.o(.text)
    __printf                                 0x08006681   Thumb Code   104  __printf.o(.text)
    _printf_int_dec                          0x080066e9   Thumb Code   100  _printf_dec.o(.text)
    memcmp                                   0x0800675d   Thumb Code    88  memcmp.o(.text)
    __aeabi_memset                           0x080067b5   Thumb Code    16  aeabi_memset.o(.text)
    __aeabi_memclr                           0x080067c5   Thumb Code     0  rt_memclr.o(.text)
    __rt_memclr                              0x080067c5   Thumb Code    68  rt_memclr.o(.text)
    _memset                                  0x080067c9   Thumb Code     0  rt_memclr.o(.text)
    __use_two_region_memory                  0x08006809   Thumb Code     2  heapauxi.o(.text)
    __rt_heap_escrow$2region                 0x0800680b   Thumb Code     2  heapauxi.o(.text)
    __rt_heap_expand$2region                 0x0800680d   Thumb Code     2  heapauxi.o(.text)
    __I$use$semihosting                      0x0800680f   Thumb Code     0  use_no_semi.o(.text)
    __use_no_semihosting_swi                 0x0800680f   Thumb Code     2  use_no_semi.o(.text)
    __aeabi_uldivmod                         0x08006811   Thumb Code     0  lludivv7m.o(.text)
    _ll_udiv                                 0x08006811   Thumb Code   238  lludivv7m.o(.text)
    __read_errno                             0x080068ff   Thumb Code    10  _rserrno.o(.text)
    __set_errno                              0x08006909   Thumb Code    12  _rserrno.o(.text)
    _printf_int_common                       0x08006915   Thumb Code   178  _printf_intcommon.o(.text)
    _printf_char_file                        0x080069c9   Thumb Code    32  _printf_char_file.o(.text)
    __aeabi_memclr4                          0x080069ed   Thumb Code     0  rt_memclr_w.o(.text)
    __aeabi_memclr8                          0x080069ed   Thumb Code     0  rt_memclr_w.o(.text)
    __rt_memclr_w                            0x080069ed   Thumb Code    78  rt_memclr_w.o(.text)
    _memset_w                                0x080069f1   Thumb Code     0  rt_memclr_w.o(.text)
    __aeabi_errno_addr                       0x08006a3d   Thumb Code     8  rt_errno_addr_intlibspace.o(.text)
    __errno$intlibspace                      0x08006a3d   Thumb Code     0  rt_errno_addr_intlibspace.o(.text)
    __rt_errno_addr$intlibspace              0x08006a3d   Thumb Code     0  rt_errno_addr_intlibspace.o(.text)
    _printf_char_common                      0x08006a4f   Thumb Code    32  _printf_char_common.o(.text)
    ferror                                   0x08006a75   Thumb Code     8  ferror.o(.text)
    __user_libspace                          0x08006a7d   Thumb Code     8  libspace.o(.text)
    __user_perproc_libspace                  0x08006a7d   Thumb Code     0  libspace.o(.text)
    __user_perthread_libspace                0x08006a7d   Thumb Code     0  libspace.o(.text)
    __user_setup_stackheap                   0x08006a85   Thumb Code    74  sys_stackheap_outer.o(.text)
    exit                                     0x08006acf   Thumb Code    12  exit.o(.text)
    __ARM_fpclassify                         0x08006adb   Thumb Code    40  fpclassify.o(i.__ARM_fpclassify)
    __kernel_poly                            0x08006b03   Thumb Code   170  poly.o(i.__kernel_poly)
    __mathlib_dbl_underflow                  0x08006bad   Thumb Code    10  dunder.o(i.__mathlib_dbl_underflow)
    asin                                     0x08006bbd   Thumb Code   584  asin.o(i.asin)
    atan                                     0x08006e39   Thumb Code   478  atan.o(i.atan)
    atan2                                    0x0800705d   Thumb Code   346  atan2.o(i.atan2)
    pow                                      0x080071dd   Thumb Code  2510  pow.o(i.pow)
    sqrt                                     0x08007bbd   Thumb Code    76  sqrt.o(i.sqrt)
    __aeabi_d2f                              0x08007c09   Thumb Code     0  d2f.o(x$fpl$d2f)
    _d2f                                     0x08007c09   Thumb Code    98  d2f.o(x$fpl$d2f)
    __aeabi_dadd                             0x08007c6d   Thumb Code     0  daddsub_clz.o(x$fpl$dadd)
    _dadd                                    0x08007c6d   Thumb Code   332  daddsub_clz.o(x$fpl$dadd)
    __fpl_dcheck_NaN1                        0x08007dbd   Thumb Code    10  dcheck1.o(x$fpl$dcheck1)
    __fpl_dcmp_Inf                           0x08007dcd   Thumb Code    24  dcmpi.o(x$fpl$dcmpinf)
    __aeabi_ddiv                             0x08007de5   Thumb Code     0  ddiv.o(x$fpl$ddiv)
    _ddiv                                    0x08007de5   Thumb Code   552  ddiv.o(x$fpl$ddiv)
    __aeabi_d2iz                             0x08008095   Thumb Code     0  dfix.o(x$fpl$dfix)
    _dfix                                    0x08008095   Thumb Code    94  dfix.o(x$fpl$dfix)
    __aeabi_i2d                              0x080080f3   Thumb Code     0  dflt_clz.o(x$fpl$dflt)
    _dflt                                    0x080080f3   Thumb Code    46  dflt_clz.o(x$fpl$dflt)
    __aeabi_ui2d                             0x08008121   Thumb Code     0  dflt_clz.o(x$fpl$dfltu)
    _dfltu                                   0x08008121   Thumb Code    38  dflt_clz.o(x$fpl$dfltu)
    __aeabi_cdcmple                          0x08008149   Thumb Code     0  dleqf.o(x$fpl$dleqf)
    _dcmple                                  0x08008149   Thumb Code   120  dleqf.o(x$fpl$dleqf)
    __fpl_dcmple_InfNaN                      0x080081ab   Thumb Code     0  dleqf.o(x$fpl$dleqf)
    __aeabi_dmul                             0x080081c1   Thumb Code     0  dmul.o(x$fpl$dmul)
    _dmul                                    0x080081c1   Thumb Code   332  dmul.o(x$fpl$dmul)
    __fpl_dnaninf                            0x08008315   Thumb Code   156  dnaninf.o(x$fpl$dnaninf)
    __fpl_dretinf                            0x080083b1   Thumb Code    12  dretinf.o(x$fpl$dretinf)
    __aeabi_cdrcmple                         0x080083bd   Thumb Code     0  drleqf.o(x$fpl$drleqf)
    _drcmple                                 0x080083bd   Thumb Code   108  drleqf.o(x$fpl$drleqf)
    __aeabi_drsub                            0x08008429   Thumb Code     0  daddsub_clz.o(x$fpl$drsb)
    _drsb                                    0x08008429   Thumb Code    22  daddsub_clz.o(x$fpl$drsb)
    _dsqrt                                   0x08008441   Thumb Code   456  dsqrt_noumaal.o(x$fpl$dsqrt)
    __aeabi_dsub                             0x0800860d   Thumb Code     0  daddsub_clz.o(x$fpl$dsub)
    _dsub                                    0x0800860d   Thumb Code   464  daddsub_clz.o(x$fpl$dsub)
    __aeabi_f2d                              0x080087e1   Thumb Code     0  f2d.o(x$fpl$f2d)
    _f2d                                     0x080087e1   Thumb Code    86  f2d.o(x$fpl$f2d)
    __aeabi_fadd                             0x08008839   Thumb Code     0  faddsub_clz.o(x$fpl$fadd)
    _fadd                                    0x08008839   Thumb Code   196  faddsub_clz.o(x$fpl$fadd)
    __fpl_fcmp_Inf                           0x080088fd   Thumb Code    24  fcmpi.o(x$fpl$fcmpinf)
    __aeabi_fdiv                             0x08008915   Thumb Code     0  fdiv.o(x$fpl$fdiv)
    _fdiv                                    0x08008915   Thumb Code   384  fdiv.o(x$fpl$fdiv)
    __aeabi_cfcmpeq                          0x08008a99   Thumb Code     0  feqf.o(x$fpl$feqf)
    _fcmpeq                                  0x08008a99   Thumb Code   104  feqf.o(x$fpl$feqf)
    __aeabi_f2iz                             0x08008b01   Thumb Code     0  ffix.o(x$fpl$ffix)
    _ffix                                    0x08008b01   Thumb Code    54  ffix.o(x$fpl$ffix)
    __aeabi_f2uiz                            0x08008b39   Thumb Code     0  ffixu.o(x$fpl$ffixu)
    _ffixu                                   0x08008b39   Thumb Code    62  ffixu.o(x$fpl$ffixu)
    __aeabi_i2f                              0x08008b79   Thumb Code     0  fflt_clz.o(x$fpl$fflt)
    _fflt                                    0x08008b79   Thumb Code    48  fflt_clz.o(x$fpl$fflt)
    __aeabi_ui2f                             0x08008ba9   Thumb Code     0  fflt_clz.o(x$fpl$ffltu)
    _ffltu                                   0x08008ba9   Thumb Code    38  fflt_clz.o(x$fpl$ffltu)
    __aeabi_cfcmple                          0x08008bd1   Thumb Code     0  fleqf.o(x$fpl$fleqf)
    _fcmple                                  0x08008bd1   Thumb Code   104  fleqf.o(x$fpl$fleqf)
    __fpl_fcmple_InfNaN                      0x08008c23   Thumb Code     0  fleqf.o(x$fpl$fleqf)
    __aeabi_fmul                             0x08008c39   Thumb Code     0  fmul.o(x$fpl$fmul)
    _fmul                                    0x08008c39   Thumb Code   258  fmul.o(x$fpl$fmul)
    __fpl_fnaninf                            0x08008d3b   Thumb Code   140  fnaninf.o(x$fpl$fnaninf)
    __fpl_fretinf                            0x08008dc7   Thumb Code    10  fretinf.o(x$fpl$fretinf)
    __aeabi_cfrcmple                         0x08008dd1   Thumb Code     0  frleqf.o(x$fpl$frleqf)
    _frcmple                                 0x08008dd1   Thumb Code    98  frleqf.o(x$fpl$frleqf)
    __aeabi_frsub                            0x08008e33   Thumb Code     0  faddsub_clz.o(x$fpl$frsb)
    _frsb                                    0x08008e33   Thumb Code    20  faddsub_clz.o(x$fpl$frsb)
    __aeabi_fsub                             0x08008e49   Thumb Code     0  faddsub_clz.o(x$fpl$fsub)
    _fsub                                    0x08008e49   Thumb Code   234  faddsub_clz.o(x$fpl$fsub)
    __fpl_return_NaN                         0x08008f33   Thumb Code   100  retnan.o(x$fpl$retnan)
    __ARM_scalbn                             0x08008f97   Thumb Code    92  scalbn.o(x$fpl$scalbn)
    __fpl_cmpreturn                          0x08008ff3   Thumb Code    48  trapv.o(x$fpl$trapveneer)
    __I$use$fp                               0x08009022   Number         0  usenofp.o(x$fpl$usenofp)
    oled_asc2_1206                           0x08009022   Data        1140  oled.o(.constdata)
    oled_asc2_1608                           0x08009496   Data        1520  oled.o(.constdata)
    hw                                       0x08009a88   Data          12  inv_mpu.o(.constdata)
    reg                                      0x08009a94   Data          27  inv_mpu.o(.constdata)
    test                                     0x08009ab0   Data          40  inv_mpu.o(.constdata)
    __mathlib_zero                           0x0800a840   Data           8  qnan.o(.constdata)
    Region$$Table$$Base                      0x0800a898   Number         0  anon$$obj.o(Region$$Table)
    Region$$Table$$Limit                     0x0800a8b8   Number         0  anon$$obj.o(Region$$Table)
    Flag_Left                                0x20000000   Data           1  minibalance.o(.data)
    Flag_Right                               0x20000001   Data           1  minibalance.o(.data)
    Flag_Stop                                0x20000002   Data           1  minibalance.o(.data)
    Flag_Zero                                0x20000003   Data           1  minibalance.o(.data)
    Flag_Show                                0x20000004   Data           1  minibalance.o(.data)
    Flag_Qian                                0x20000005   Data           1  minibalance.o(.data)
    Flag_Hou                                 0x20000006   Data           1  minibalance.o(.data)
    Flag_OK                                  0x20000007   Data           1  minibalance.o(.data)
    Motor_X                                  0x20000008   Data           4  minibalance.o(.data)
    Motor_Y                                  0x2000000c   Data           4  minibalance.o(.data)
    Motor_Z                                  0x20000010   Data           4  minibalance.o(.data)
    Motor_A                                  0x20000014   Data           4  minibalance.o(.data)
    Motor_B                                  0x20000018   Data           4  minibalance.o(.data)
    Motor_C                                  0x2000001c   Data           4  minibalance.o(.data)
    Target_A                                 0x20000020   Data           4  minibalance.o(.data)
    Target_B                                 0x20000024   Data           4  minibalance.o(.data)
    Target_C                                 0x20000028   Data           4  minibalance.o(.data)
    Voltage                                  0x2000002c   Data           4  minibalance.o(.data)
    Show_Data1                               0x20000030   Data           4  minibalance.o(.data)
    Show_Data2                               0x20000034   Data           4  minibalance.o(.data)
    Show_Data3                               0x20000038   Data           4  minibalance.o(.data)
    Show_Data4                               0x2000003c   Data           4  minibalance.o(.data)
    delay_50                                 0x20000040   Data           1  minibalance.o(.data)
    delay_flag                               0x20000041   Data           1  minibalance.o(.data)
    PID_Send                                 0x20000042   Data           1  minibalance.o(.data)
    Pitch                                    0x20000044   Data           4  minibalance.o(.data)
    Roll                                     0x20000048   Data           4  minibalance.o(.data)
    Yaw                                      0x2000004c   Data           4  minibalance.o(.data)
    Move_X                                   0x20000050   Data           4  minibalance.o(.data)
    Move_Y                                   0x20000054   Data           4  minibalance.o(.data)
    Move_Z                                   0x20000058   Data           4  minibalance.o(.data)
    Roll_Bias                                0x2000005c   Data           4  minibalance.o(.data)
    Pitch_Bias                               0x20000060   Data           4  minibalance.o(.data)
    Roll_Zero                                0x20000064   Data           4  minibalance.o(.data)
    Pitch_Zero                               0x20000068   Data           4  minibalance.o(.data)
    Balance_Kp                               0x2000006c   Data           4  minibalance.o(.data)
    Balance_Kd                               0x20000070   Data           4  minibalance.o(.data)
    Velocity_Kp                              0x20000074   Data           4  minibalance.o(.data)
    Velocity_Ki                              0x20000078   Data           4  minibalance.o(.data)
    __stdout                                 0x20000080   Data           4  usart.o(.data)
    Usart_Receive                            0x20000084   Data           4  usart.o(.data)
    Flag_Target                              0x200000a8   Data           1  control.o(.data)
    Voltage_Count                            0x200000ac   Data           4  control.o(.data)
    Voltage_All                              0x200000b0   Data           4  control.o(.data)
    Balance_Pwm_X                            0x200000b4   Data           4  control.o(.data)
    Velocity_Pwm_X                           0x200000b8   Data           4  control.o(.data)
    Balance_Pwm_Y                            0x200000bc   Data           4  control.o(.data)
    Velocity_Pwm_Y                           0x200000c0   Data           4  control.o(.data)
    gyro                                     0x20000120   Data           6  mpu6050.o(.data)
    accel                                    0x20000126   Data           6  mpu6050.o(.data)
    sensors                                  0x2000012c   Data           2  mpu6050.o(.data)
    q0                                       0x20000130   Data           4  mpu6050.o(.data)
    q1                                       0x20000134   Data           4  mpu6050.o(.data)
    q2                                       0x20000138   Data           4  mpu6050.o(.data)
    q3                                       0x2000013c   Data           4  mpu6050.o(.data)
    Gx_offset                                0x2000014a   Data           2  mpu6050.o(.data)
    Gy_offset                                0x2000014c   Data           2  mpu6050.o(.data)
    Gz_offset                                0x2000014e   Data           2  mpu6050.o(.data)
    i                                        0x20000150   Data           1  show.o(.data)
    Send_Count                               0x20000151   Data           1  show.o(.data)
    Vol                                      0x20000154   Data           4  show.o(.data)
    OLED_GRAM                                0x2000018e   Data        1024  oled.o(.bss)
    buffer                                   0x20000604   Data          14  mpu6050.o(.bss)
    MPU6050_FIFO                             0x20000612   Data         132  mpu6050.o(.bss)
    DataScope_OutPut_Buffer                  0x20000696   Data          42  datascope_dp.o(.bss)
    __libspace_start                         0x200006c0   Data          96  libspace.o(.bss)
    __temporary_stack_top$libspace           0x20000720   Data           0  libspace.o(.bss)



==============================================================================

Memory Map of the image

  Image Entry point : 0x08000131

  Load Region LR_IROM1 (Base: 0x08000000, Size: 0x0000aa14, Max: 0x00040000, ABSOLUTE, COMPRESSED[0x0000a8ec])

    Execution Region ER_IROM1 (Base: 0x08000000, Size: 0x0000a8b8, Max: 0x00040000, ABSOLUTE)

    Base Addr    Size         Type   Attr      Idx    E Section Name        Object

    0x08000000   0x00000130   Data   RO            3    RESET               startup_stm32f10x_hd.o
    0x08000130   0x00000008   Code   RO          464  * !!!main             c_w.l(__main.o)
    0x08000138   0x00000034   Code   RO          790    !!!scatter          c_w.l(__scatter.o)
    0x0800016c   0x0000005a   Code   RO          788    !!dczerorl2         c_w.l(__dczerorl2.o)
    0x080001c6   0x00000002   PAD
    0x080001c8   0x0000001c   Code   RO          792    !!handler_zi        c_w.l(__scatter_zi.o)
    0x080001e4   0x00000000   Code   RO          455    .ARM.Collect$$_printf_percent$$00000000  c_w.l(_printf_percent.o)
    0x080001e4   0x00000006   Code   RO          454    .ARM.Collect$$_printf_percent$$00000009  c_w.l(_printf_d.o)
    0x080001ea   0x00000004   Code   RO          575    .ARM.Collect$$_printf_percent$$00000017  c_w.l(_printf_percent_end.o)
    0x080001ee   0x00000002   Code   RO          660    .ARM.Collect$$libinit$$00000000  c_w.l(libinit.o)
    0x080001f0   0x00000000   Code   RO          670    .ARM.Collect$$libinit$$00000002  c_w.l(libinit2.o)
    0x080001f0   0x00000000   Code   RO          673    .ARM.Collect$$libinit$$00000008  c_w.l(libinit2.o)
    0x080001f0   0x00000000   Code   RO          675    .ARM.Collect$$libinit$$0000000A  c_w.l(libinit2.o)
    0x080001f0   0x00000000   Code   RO          677    .ARM.Collect$$libinit$$0000000C  c_w.l(libinit2.o)
    0x080001f0   0x00000000   Code   RO          680    .ARM.Collect$$libinit$$0000000F  c_w.l(libinit2.o)
    0x080001f0   0x00000000   Code   RO          682    .ARM.Collect$$libinit$$00000011  c_w.l(libinit2.o)
    0x080001f0   0x00000000   Code   RO          684    .ARM.Collect$$libinit$$00000013  c_w.l(libinit2.o)
    0x080001f0   0x00000000   Code   RO          686    .ARM.Collect$$libinit$$00000015  c_w.l(libinit2.o)
    0x080001f0   0x00000000   Code   RO          688    .ARM.Collect$$libinit$$00000017  c_w.l(libinit2.o)
    0x080001f0   0x00000000   Code   RO          690    .ARM.Collect$$libinit$$00000019  c_w.l(libinit2.o)
    0x080001f0   0x00000000   Code   RO          692    .ARM.Collect$$libinit$$0000001B  c_w.l(libinit2.o)
    0x080001f0   0x00000000   Code   RO          694    .ARM.Collect$$libinit$$0000001D  c_w.l(libinit2.o)
    0x080001f0   0x00000000   Code   RO          696    .ARM.Collect$$libinit$$0000001F  c_w.l(libinit2.o)
    0x080001f0   0x00000000   Code   RO          698    .ARM.Collect$$libinit$$00000021  c_w.l(libinit2.o)
    0x080001f0   0x00000000   Code   RO          700    .ARM.Collect$$libinit$$00000023  c_w.l(libinit2.o)
    0x080001f0   0x00000000   Code   RO          704    .ARM.Collect$$libinit$$0000002A  c_w.l(libinit2.o)
    0x080001f0   0x00000000   Code   RO          706    .ARM.Collect$$libinit$$0000002C  c_w.l(libinit2.o)
    0x080001f0   0x00000000   Code   RO          708    .ARM.Collect$$libinit$$0000002E  c_w.l(libinit2.o)
    0x080001f0   0x00000000   Code   RO          710    .ARM.Collect$$libinit$$00000030  c_w.l(libinit2.o)
    0x080001f0   0x00000002   Code   RO          711    .ARM.Collect$$libinit$$00000031  c_w.l(libinit2.o)
    0x080001f2   0x00000002   Code   RO          741    .ARM.Collect$$libshutdown$$00000000  c_w.l(libshutdown.o)
    0x080001f4   0x00000000   Code   RO          756    .ARM.Collect$$libshutdown$$00000003  c_w.l(libshutdown2.o)
    0x080001f4   0x00000000   Code   RO          759    .ARM.Collect$$libshutdown$$00000006  c_w.l(libshutdown2.o)
    0x080001f4   0x00000000   Code   RO          762    .ARM.Collect$$libshutdown$$00000009  c_w.l(libshutdown2.o)
    0x080001f4   0x00000000   Code   RO          764    .ARM.Collect$$libshutdown$$0000000B  c_w.l(libshutdown2.o)
    0x080001f4   0x00000000   Code   RO          767    .ARM.Collect$$libshutdown$$0000000E  c_w.l(libshutdown2.o)
    0x080001f4   0x00000002   Code   RO          768    .ARM.Collect$$libshutdown$$0000000F  c_w.l(libshutdown2.o)
    0x080001f6   0x00000000   Code   RO          566    .ARM.Collect$$rtentry$$00000000  c_w.l(rtentry.o)
    0x080001f6   0x00000000   Code   RO          613    .ARM.Collect$$rtentry$$00000002  c_w.l(rtentry2.o)
    0x080001f6   0x00000006   Code   RO          625    .ARM.Collect$$rtentry$$00000004  c_w.l(rtentry4.o)
    0x080001fc   0x00000000   Code   RO          615    .ARM.Collect$$rtentry$$00000009  c_w.l(rtentry2.o)
    0x080001fc   0x00000004   Code   RO          616    .ARM.Collect$$rtentry$$0000000A  c_w.l(rtentry2.o)
    0x08000200   0x00000000   Code   RO          618    .ARM.Collect$$rtentry$$0000000C  c_w.l(rtentry2.o)
    0x08000200   0x00000008   Code   RO          619    .ARM.Collect$$rtentry$$0000000D  c_w.l(rtentry2.o)
    0x08000208   0x00000002   Code   RO          663    .ARM.Collect$$rtexit$$00000000  c_w.l(rtexit.o)
    0x0800020a   0x00000000   Code   RO          715    .ARM.Collect$$rtexit$$00000002  c_w.l(rtexit2.o)
    0x0800020a   0x00000004   Code   RO          716    .ARM.Collect$$rtexit$$00000003  c_w.l(rtexit2.o)
    0x0800020e   0x00000006   Code   RO          717    .ARM.Collect$$rtexit$$00000004  c_w.l(rtexit2.o)
    0x08000214   0x0000000c   Code   RO          131    .emb_text           sys.o
    0x08000220   0x00000038   Code   RO            4    .text               startup_stm32f10x_hd.o
    0x08000258   0x000000b4   Code   RO           10    .text               minibalance.o
    0x0800030c   0x000000b0   Code   RO          113    .text               delay.o
    0x080003bc   0x000002bc   Code   RO          132    .text               sys.o
    0x08000678   0x000005cc   Code   RO          147    .text               usart.o
    0x08000c44   0x00000074   Code   RO          173    .text               led.o
    0x08000cb8   0x0000019c   Code   RO          186    .text               key.o
    0x08000e54   0x0000046e   Code   RO          199    .text               oled.o
    0x080012c2   0x00000002   PAD
    0x080012c4   0x000001dc   Code   RO          218    .text               adc.o
    0x080014a0   0x000002b0   Code   RO          230    .text               motor.o
    0x08001750   0x0000050a   Code   RO          242    .text               ioi2c.o
    0x08001c5a   0x00000002   PAD
    0x08001c5c   0x00000054   Code   RO          254    .text               exti.o
    0x08001cb0   0x0000012c   Code   RO          269    .text               usartx.o
    0x08001ddc   0x00000ad8   Code   RO          281    .text               control.o
    0x080028b4   0x00001e90   Code   RO          305    .text               inv_mpu.o
    0x08004744   0x00000d70   Code   RO          329    .text               inv_mpu_dmp_motion_driver.o
    0x080054b4   0x000008e0   Code   RO          363    .text               mpu6050.o
    0x08005d94   0x00000734   Code   RO          387    .text               show.o
    0x080064c8   0x00000154   Code   RO          402    .text               datascope_dp.o
    0x0800661c   0x00000002   Code   RO          422    .text               c_w.l(use_no_semi_2.o)
    0x0800661e   0x00000048   Code   RO          424    .text               c_w.l(llsdiv.o)
    0x08006666   0x00000002   PAD
    0x08006668   0x00000018   Code   RO          428    .text               c_w.l(noretval__2printf.o)
    0x08006680   0x00000068   Code   RO          430    .text               c_w.l(__printf.o)
    0x080066e8   0x00000074   Code   RO          432    .text               c_w.l(_printf_dec.o)
    0x0800675c   0x00000058   Code   RO          456    .text               c_w.l(memcmp.o)
    0x080067b4   0x00000010   Code   RO          458    .text               c_w.l(aeabi_memset.o)
    0x080067c4   0x00000044   Code   RO          460    .text               c_w.l(rt_memclr.o)
    0x08006808   0x00000006   Code   RO          462    .text               c_w.l(heapauxi.o)
    0x0800680e   0x00000002   Code   RO          564    .text               c_w.l(use_no_semi.o)
    0x08006810   0x000000ee   Code   RO          567    .text               c_w.l(lludivv7m.o)
    0x080068fe   0x00000016   Code   RO          569    .text               c_w.l(_rserrno.o)
    0x08006914   0x000000b2   Code   RO          571    .text               c_w.l(_printf_intcommon.o)
    0x080069c6   0x00000002   PAD
    0x080069c8   0x00000024   Code   RO          573    .text               c_w.l(_printf_char_file.o)
    0x080069ec   0x0000004e   Code   RO          576    .text               c_w.l(rt_memclr_w.o)
    0x08006a3a   0x00000002   PAD
    0x08006a3c   0x00000008   Code   RO          634    .text               c_w.l(rt_errno_addr_intlibspace.o)
    0x08006a44   0x00000030   Code   RO          636    .text               c_w.l(_printf_char_common.o)
    0x08006a74   0x00000008   Code   RO          638    .text               c_w.l(ferror.o)
    0x08006a7c   0x00000008   Code   RO          644    .text               c_w.l(libspace.o)
    0x08006a84   0x0000004a   Code   RO          647    .text               c_w.l(sys_stackheap_outer.o)
    0x08006ace   0x0000000c   Code   RO          653    .text               c_w.l(exit.o)
    0x08006ada   0x00000028   Code   RO          607    i.__ARM_fpclassify  m_ws.l(fpclassify.o)
    0x08006b02   0x000000aa   Code   RO          609    i.__kernel_poly     m_ws.l(poly.o)
    0x08006bac   0x00000010   Code   RO          605    i.__mathlib_dbl_underflow  m_ws.l(dunder.o)
    0x08006bbc   0x0000027c   Code   RO          529    i.asin              m_ws.l(asin.o)
    0x08006e38   0x00000224   Code   RO          596    i.atan              m_ws.l(atan.o)
    0x0800705c   0x00000180   Code   RO          539    i.atan2             m_ws.l(atan2.o)
    0x080071dc   0x000009e0   Code   RO          547    i.pow               m_ws.l(pow.o)
    0x08007bbc   0x0000004c   Code   RO          557    i.sqrt              m_ws.l(sqrt.o)
    0x08007c08   0x00000062   Code   RO          466    x$fpl$d2f           fz_ws.l(d2f.o)
    0x08007c6a   0x00000002   PAD
    0x08007c6c   0x00000150   Code   RO          468    x$fpl$dadd          fz_ws.l(daddsub_clz.o)
    0x08007dbc   0x00000010   Code   RO          642    x$fpl$dcheck1       fz_ws.l(dcheck1.o)
    0x08007dcc   0x00000018   Code   RO          578    x$fpl$dcmpinf       fz_ws.l(dcmpi.o)
    0x08007de4   0x000002b0   Code   RO          475    x$fpl$ddiv          fz_ws.l(ddiv.o)
    0x08008094   0x0000005e   Code   RO          478    x$fpl$dfix          fz_ws.l(dfix.o)
    0x080080f2   0x0000002e   Code   RO          483    x$fpl$dflt          fz_ws.l(dflt_clz.o)
    0x08008120   0x00000026   Code   RO          482    x$fpl$dfltu         fz_ws.l(dflt_clz.o)
    0x08008146   0x00000002   PAD
    0x08008148   0x00000078   Code   RO          488    x$fpl$dleqf         fz_ws.l(dleqf.o)
    0x080081c0   0x00000154   Code   RO          490    x$fpl$dmul          fz_ws.l(dmul.o)
    0x08008314   0x0000009c   Code   RO          580    x$fpl$dnaninf       fz_ws.l(dnaninf.o)
    0x080083b0   0x0000000c   Code   RO          582    x$fpl$dretinf       fz_ws.l(dretinf.o)
    0x080083bc   0x0000006c   Code   RO          492    x$fpl$drleqf        fz_ws.l(drleqf.o)
    0x08008428   0x00000016   Code   RO          469    x$fpl$drsb          fz_ws.l(daddsub_clz.o)
    0x0800843e   0x00000002   PAD
    0x08008440   0x000001cc   Code   RO          584    x$fpl$dsqrt         fz_ws.l(dsqrt_noumaal.o)
    0x0800860c   0x000001d4   Code   RO          470    x$fpl$dsub          fz_ws.l(daddsub_clz.o)
    0x080087e0   0x00000056   Code   RO          494    x$fpl$f2d           fz_ws.l(f2d.o)
    0x08008836   0x00000002   PAD
    0x08008838   0x000000c4   Code   RO          496    x$fpl$fadd          fz_ws.l(faddsub_clz.o)
    0x080088fc   0x00000018   Code   RO          586    x$fpl$fcmpinf       fz_ws.l(fcmpi.o)
    0x08008914   0x00000184   Code   RO          503    x$fpl$fdiv          fz_ws.l(fdiv.o)
    0x08008a98   0x00000068   Code   RO          506    x$fpl$feqf          fz_ws.l(feqf.o)
    0x08008b00   0x00000036   Code   RO          508    x$fpl$ffix          fz_ws.l(ffix.o)
    0x08008b36   0x00000002   PAD
    0x08008b38   0x0000003e   Code   RO          512    x$fpl$ffixu         fz_ws.l(ffixu.o)
    0x08008b76   0x00000002   PAD
    0x08008b78   0x00000030   Code   RO          517    x$fpl$fflt          fz_ws.l(fflt_clz.o)
    0x08008ba8   0x00000026   Code   RO          516    x$fpl$ffltu         fz_ws.l(fflt_clz.o)
    0x08008bce   0x00000002   PAD
    0x08008bd0   0x00000068   Code   RO          522    x$fpl$fleqf         fz_ws.l(fleqf.o)
    0x08008c38   0x00000102   Code   RO          524    x$fpl$fmul          fz_ws.l(fmul.o)
    0x08008d3a   0x0000008c   Code   RO          588    x$fpl$fnaninf       fz_ws.l(fnaninf.o)
    0x08008dc6   0x0000000a   Code   RO          590    x$fpl$fretinf       fz_ws.l(fretinf.o)
    0x08008dd0   0x00000062   Code   RO          526    x$fpl$frleqf        fz_ws.l(frleqf.o)
    0x08008e32   0x00000014   Code   RO          497    x$fpl$frsb          fz_ws.l(faddsub_clz.o)
    0x08008e46   0x00000002   PAD
    0x08008e48   0x000000ea   Code   RO          498    x$fpl$fsub          fz_ws.l(faddsub_clz.o)
    0x08008f32   0x00000064   Code   RO          661    x$fpl$retnan        fz_ws.l(retnan.o)
    0x08008f96   0x0000005c   Code   RO          592    x$fpl$scalbn        fz_ws.l(scalbn.o)
    0x08008ff2   0x00000030   Code   RO          712    x$fpl$trapveneer    fz_ws.l(trapv.o)
    0x08009022   0x00000000   Code   RO          594    x$fpl$usenofp       fz_ws.l(usenofp.o)
    0x08009022   0x00000a64   Data   RO          201    .constdata          oled.o
    0x08009a86   0x00000002   PAD
    0x08009a88   0x00000050   Data   RO          306    .constdata          inv_mpu.o
    0x08009ad8   0x00000bf6   Data   RO          331    .constdata          inv_mpu_dmp_motion_driver.o
    0x0800a6ce   0x00000002   PAD
    0x0800a6d0   0x00000050   Data   RO          530    .constdata          m_ws.l(asin.o)
    0x0800a720   0x00000088   Data   RO          548    .constdata          m_ws.l(pow.o)
    0x0800a7a8   0x00000098   Data   RO          597    .constdata          m_ws.l(atan.o)
    0x0800a840   0x00000008   Data   RO          611    .constdata          m_ws.l(qnan.o)
    0x0800a848   0x0000004e   Data   RO          307    .conststring        inv_mpu.o
    0x0800a896   0x00000002   PAD
    0x0800a898   0x00000020   Data   RO          786    Region$$Table       anon$$obj.o


    Execution Region RW_IRAM1 (Base: 0x20000000, Size: 0x00000d20, Max: 0x0000c000, ABSOLUTE, COMPRESSED[0x00000034])

    Base Addr    Size         Type   Attr      Idx    E Section Name        Object

    0x20000000   0x0000007c   Data   RW           11    .data               minibalance.o
    0x2000007c   0x00000004   Data   RW          114    .data               delay.o
    0x20000080   0x00000011   Data   RW          149    .data               usart.o
    0x20000091   0x00000003   PAD
    0x20000094   0x00000004   Data   RW          174    .data               led.o
    0x20000098   0x0000000e   Data   RW          187    .data               key.o
    0x200000a6   0x00000002   PAD
    0x200000a8   0x0000004c   Data   RW          283    .data               control.o
    0x200000f4   0x0000002c   Data   RW          308    .data               inv_mpu.o
    0x20000120   0x00000030   Data   RW          365    .data               mpu6050.o
    0x20000150   0x00000009   Data   RW          388    .data               show.o
    0x20000159   0x00000003   PAD
    0x2000015c   0x00000032   Zero   RW          148    .bss                usart.o
    0x2000018e   0x00000400   Zero   RW          200    .bss                oled.o
    0x2000058e   0x00000064   Zero   RW          282    .bss                control.o
    0x200005f2   0x00000002   PAD
    0x200005f4   0x00000010   Zero   RW          330    .bss                inv_mpu_dmp_motion_driver.o
    0x20000604   0x00000092   Zero   RW          364    .bss                mpu6050.o
    0x20000696   0x0000002a   Zero   RW          403    .bss                datascope_dp.o
    0x200006c0   0x00000060   Zero   RW          645    .bss                c_w.l(libspace.o)
    0x20000720   0x00000200   Zero   RW            2    HEAP                startup_stm32f10x_hd.o
    0x20000920   0x00000400   Zero   RW            1    STACK               startup_stm32f10x_hd.o


==============================================================================

Image component sizes


      Code (inc. data)   RO Data    RW Data    ZI Data      Debug   Object Name

       476         36          0          0          0       1108   adc.o
      2776        404          0         76        100       5776   control.o
       340         30          0          0         42       2318   datascope_dp.o
       176          8          0          4          0       1243   delay.o
        84          8          0          0          0        572   exti.o
      7824        172        158         44          0      21199   inv_mpu.o
      3440        126       3062          0         16      15079   inv_mpu_dmp_motion_driver.o
      1290         16          0          0          0       5630   ioi2c.o
       412         54          0         14          0       1459   key.o
       116         20          0          4          0        753   led.o
       180         10          0        124          0     209743   minibalance.o
       688         42          0          0          0       1272   motor.o
      2272        454          0         48        146      21119   mpu6050.o
      1134         42       2660          0       1024       4839   oled.o
      1844        284          0          9          0       1886   show.o
        56         22        304          0       1536        856   startup_stm32f10x_hd.o
       712         44          0          0          0       2899   sys.o
      1484        120          0         17         50       4954   usart.o
       300         22          0          0          0       1167   usartx.o

    ----------------------------------------------------------------------
     25608       1914       6222        348       2916     303872   Object Totals
         0          0         32          0          0          0   (incl. Generated)
         4          0          6          8          2          0   (incl. Padding)

    ----------------------------------------------------------------------

      Code (inc. data)   RO Data    RW Data    ZI Data      Debug   Library Member Name

        90          0          0          0          0          0   __dczerorl2.o
         8          0          0          0          0         68   __main.o
       104          0          0          0          0         84   __printf.o
        52          8          0          0          0          0   __scatter.o
        28          0          0          0          0          0   __scatter_zi.o
        48          6          0          0          0         96   _printf_char_common.o
        36          4          0          0          0         80   _printf_char_file.o
         6          0          0          0          0          0   _printf_d.o
       116         16          0          0          0         92   _printf_dec.o
       178          0          0          0          0         88   _printf_intcommon.o
         0          0          0          0          0          0   _printf_percent.o
         4          0          0          0          0          0   _printf_percent_end.o
        22          0          0          0          0        100   _rserrno.o
        16          0          0          0          0         68   aeabi_memset.o
        12          0          0          0          0         72   exit.o
         8          0          0          0          0         68   ferror.o
         6          0          0          0          0        152   heapauxi.o
         2          0          0          0          0          0   libinit.o
         2          0          0          0          0          0   libinit2.o
         2          0          0          0          0          0   libshutdown.o
         2          0          0          0          0          0   libshutdown2.o
         8          4          0          0         96         68   libspace.o
        72          0          0          0          0         76   llsdiv.o
       238          0          0          0          0        100   lludivv7m.o
        88          0          0          0          0         76   memcmp.o
        24          4          0          0          0         84   noretval__2printf.o
         8          4          0          0          0         68   rt_errno_addr_intlibspace.o
        68          0          0          0          0         68   rt_memclr.o
        78          0          0          0          0         80   rt_memclr_w.o
         0          0          0          0          0          0   rtentry.o
        12          0          0          0          0          0   rtentry2.o
         6          0          0          0          0          0   rtentry4.o
         2          0          0          0          0          0   rtexit.o
        10          0          0          0          0          0   rtexit2.o
        74          0          0          0          0         80   sys_stackheap_outer.o
         2          0          0          0          0         68   use_no_semi.o
         2          0          0          0          0         68   use_no_semi_2.o
        98          4          0          0          0         92   d2f.o
       826         16          0          0          0        348   daddsub_clz.o
        16          4          0          0          0         68   dcheck1.o
        24          0          0          0          0         68   dcmpi.o
       688        140          0          0          0        208   ddiv.o
        94          4          0          0          0         92   dfix.o
        84          0          0          0          0        136   dflt_clz.o
       120          4          0          0          0         92   dleqf.o
       340         12          0          0          0        104   dmul.o
       156          4          0          0          0         92   dnaninf.o
        12          0          0          0          0         68   dretinf.o
       108          0          0          0          0         80   drleqf.o
       460         56          0          0          0        120   dsqrt_noumaal.o
        86          4          0          0          0         84   f2d.o
       450          8          0          0          0        236   faddsub_clz.o
        24          0          0          0          0         68   fcmpi.o
       388         76          0          0          0         96   fdiv.o
       104          4          0          0          0         84   feqf.o
        54          4          0          0          0         84   ffix.o
        62          4          0          0          0         84   ffixu.o
        86          0          0          0          0        136   fflt_clz.o
       104          4          0          0          0         84   fleqf.o
       258          4          0          0          0         84   fmul.o
       140          4          0          0          0         84   fnaninf.o
        10          0          0          0          0         68   fretinf.o
        98          0          0          0          0         68   frleqf.o
       100          0          0          0          0         68   retnan.o
        92          0          0          0          0         68   scalbn.o
        48          0          0          0          0         68   trapv.o
         0          0          0          0          0          0   usenofp.o
       636         52         80          0          0        168   asin.o
       548         70        152          0          0        124   atan.o
       384         38          0          0          0        144   atan2.o
        16          6          0          0          0         68   dunder.o
        40          0          0          0          0         68   fpclassify.o
       170          0          0          0          0         96   poly.o
      2528        190        136          0          0        332   pow.o
         0          0          8          0          0          0   qnan.o
        76          0          0          0          0         84   sqrt.o

    ----------------------------------------------------------------------
     10986        758        376          0         96       5920   Library Totals
        24          0          0          0          0          0   (incl. Padding)

    ----------------------------------------------------------------------

      Code (inc. data)   RO Data    RW Data    ZI Data      Debug   Library Name

      1434         46          0          0         96       1804   c_w.l
      5130        356          0          0          0       3032   fz_ws.l
      4398        356        376          0          0       1084   m_ws.l

    ----------------------------------------------------------------------
     10986        758        376          0         96       5920   Library Totals

    ----------------------------------------------------------------------

==============================================================================


      Code (inc. data)   RO Data    RW Data    ZI Data      Debug   

     36594       2672       6598        348       3012     304900   Grand Totals
     36594       2672       6598         52       3012     304900   ELF Image Totals (compressed)
     36594       2672       6598         52          0          0   ROM Totals

==============================================================================

    Total RO  Size (Code + RO Data)                43192 (  42.18kB)
    Total RW  Size (RW Data + ZI Data)              3360 (   3.28kB)
    Total ROM Size (Code + RO Data + RW Data)      43244 (  42.23kB)

==============================================================================

